
Memory Configuration

Name             Origin             Length             Attributes
flash            0x08000000         0x00020000         xr
ram              0x20000000         0x00005000         xrw
*default*        0x00000000         0xffffffff

Linker script and memory map


.text           0x08000000       0xd8
 *(.vectors)
 .vectors       0x08000000       0x1c startup.o
 *(.text)
 .text          0x0800001c       0xb4 app.o
                0x0800001c                main
 .text          0x080000d0        0x8 startup.o

.data           0x080000d8        0x0
 .data          0x080000d8        0x0 app.o
 .data          0x080000d8        0x0 startup.o

.igot.plt       0x080000d8        0x0
 .igot.plt      0x00000000        0x0 app.o

.glue_7         0x080000d8        0x0
 .glue_7        0x00000000        0x0 linker stubs

.glue_7t        0x080000d8        0x0
 .glue_7t       0x00000000        0x0 linker stubs

.vfp11_veneer   0x080000d8        0x0
 .vfp11_veneer  0x00000000        0x0 linker stubs

.v4_bx          0x080000d8        0x0
 .v4_bx         0x00000000        0x0 linker stubs

.iplt           0x080000d8        0x0
 .iplt          0x00000000        0x0 app.o

.rel.dyn        0x080000d8        0x0
 .rel.iplt      0x00000000        0x0 app.o

.bss            0x20000000        0x0
 *(.bss)
 .bss           0x20000000        0x0 app.o
 .bss           0x20000000        0x0 startup.o
                0x200003e8                . = (. + 0x3e8)
                0x200003e8                stack_top = .
LOAD app.o
LOAD startup.o
OUTPUT(learn-in-depth.elf elf32-littlearm)

.debug_info     0x00000000      0x108
 .debug_info    0x00000000       0xa8 app.o
 .debug_info    0x000000a8       0x60 startup.o

.debug_abbrev   0x00000000       0x80
 .debug_abbrev  0x00000000       0x6c app.o
 .debug_abbrev  0x0000006c       0x14 startup.o

.debug_loc      0x00000000       0x38
 .debug_loc     0x00000000       0x38 app.o

.debug_aranges  0x00000000       0x40
 .debug_aranges
                0x00000000       0x20 app.o
 .debug_aranges
                0x00000020       0x20 startup.o

.debug_line     0x00000000       0x97
 .debug_line    0x00000000       0x5c app.o
 .debug_line    0x0000005c       0x3b startup.o

.debug_str      0x00000000       0x9d
 .debug_str     0x00000000       0x9d app.o
                                 0xd1 (size before relaxing)

.comment        0x00000000       0x11
 .comment       0x00000000       0x11 app.o
                                 0x12 (size before relaxing)

.ARM.attributes
                0x00000000       0x31
 .ARM.attributes
                0x00000000       0x33 app.o
 .ARM.attributes
                0x00000033       0x21 startup.o

.debug_frame    0x00000000       0x2c
 .debug_frame   0x00000000       0x2c app.o
